>>> from calculate import Calculate

>>> c = Calculate()

>>> c.add(1, 1)
2

>>> c.add(25, 125)
150
>>> c.add(1.0, 1.0)
Traceback (most recent call last):
....
TypeError: Invalid type: <class 'float'> and <class 'float'>
